// Vitest Snapshot v1, https://vitest.dev/guide/snapshot.html

exports[`renders correctly 1`] = `
{
  "asFragment": [Function],
  "baseElement": <body>
    
  


    <div>
      <div
        class="fade alert alert-primary show"
        data-testid="alert-box"
        role="alert"
      >
        встречать
      </div>
    </div>
  </body>,
  "container": <div>
    <div
      class="fade alert alert-primary show"
      data-testid="alert-box"
      role="alert"
    >
      встречать
    </div>
  </div>,
  "debug": [Function],
  "getByAltText": [Function],
  "getByLabelText": [Function],
  "getByPlaceholder": [Function],
  "getByRole": [Function],
  "getByTestId": [Function],
  "getByText": [Function],
  "getByTitle": [Function],
  "locator": "div >> nth=0",
  "rerender": [Function],
  "unmount": [Function],
}
`;
